// Vitest Snapshot v1, https://vitest.dev/guide/snapshot.html

exports[`Render Loader component 1`] = `
<div>
  <div
    class="_loader_bf668d"
  >
    <p
      class="_loading_bf668d"
    >
      Data is loading...
    </p>
    <p
      class="_info_bf668d"
    >
      Loading the first time may take longer - the server is waking up
    </p>
    <div
      class="_spinner_bf668d"
    />
  </div>
</div>
`;

exports[`renders Loader component 1`] = `
<div>
  <div
    class="_loader_bf668d"
  >
    <p
      class="_loading_bf668d"
    >
      Data is loading...
    </p>
    <p
      class="_info_bf668d"
    >
      Loading the first time may take longer - the server is waking up
    </p>
    <div
      class="_spinner_bf668d"
    />
  </div>
</div>
`;
